
/home/runner/work/exp-fitts-law-iitg/exp-fitts-law-iitg/experiment/posttest.js
  18:18  warning  'letter' is not defined  no-undef
  22:73  warning  'letter' is not defined  no-undef
  23:13  warning  'letter' is not defined  no-undef
  24:37  warning  'letter' is not defined  no-undef

/home/runner/work/exp-fitts-law-iitg/exp-fitts-law-iitg/experiment/pretest.js
  18:19  warning  'letter' is not defined  no-undef
  22:74  warning  'letter' is not defined  no-undef
  23:14  warning  'letter' is not defined  no-undef
  24:38  warning  'letter' is not defined  no-undef

/home/runner/work/exp-fitts-law-iitg/exp-fitts-law-iitg/experiment/simulation/RGraph.common.core.js
    14:5    warning  'RGraph' is not defined                             no-undef
    17:22   warning  Shadowing of global property 'undefined'            no-shadow-restricted-names
    17:22   warning  'undefined' is defined but never used               no-unused-vars
    19:15   warning  'RGraph' is not defined                             no-undef
    71:17   warning  'RGraph' is not defined                             no-undef
    71:33   warning  'RGraph' is not defined                             no-undef
    71:49   warning  'RGraph' is not defined                             no-undef
   176:13   warning  'ca' is assigned a value but never used             no-unused-vars
   177:13   warning  'co' is assigned a value but never used             no-unused-vars
   201:17   warning  'max' is already defined                            no-redeclare
   230:16   warning  'vals' is assigned a value but never used           no-unused-vars
   234:22   warning  'i' is already defined                              no-redeclare
   301:22   warning  'i' is already defined                              no-redeclare
   314:22   warning  'i' is already defined                              no-redeclare
   344:18   warning  'i' is already defined                              no-redeclare
   392:24   warning  'content' is already defined                        no-redeclare
   393:18   warning  'i' is already defined                              no-redeclare
   499:13   warning  'max' is assigned a value but never used            no-unused-vars
   680:18   warning  'i' is not defined                                  no-undef
   685:27   warning  'i' is not defined                                  no-undef
   685:45   warning  'i' is not defined                                  no-undef
   819:18   warning  'canvas' is not defined                             no-undef
   820:18   warning  'context' is not defined                            no-undef
   822:13   warning  'gutterLeft' is not defined                         no-undef
   823:13   warning  'gutterRight' is not defined                        no-undef
   824:28   warning  'gutterTop' is assigned to itself                   no-self-assign
   825:13   warning  'gutterBottom' is not defined                       no-undef
   826:13   warning  'size' is not defined                               no-undef
   827:13   warning  'bold' is not defined                               no-undef
   828:13   warning  'italic' is not defined                             no-undef
   829:13   warning  'centerx' is not defined                            no-undef
   829:72   warning  'gutterLeft' is not defined                         no-undef
   829:85   warning  'gutterRight' is not defined                        no-undef
   829:105  warning  'gutterLeft' is not defined                         no-undef
   830:13   warning  'keypos' is not defined                             no-undef
   831:13   warning  'vpos' is not defined                               no-undef
   832:13   warning  'hpos' is not defined                               no-undef
   833:13   warning  'bgcolor' is not defined                            no-undef
   834:13   warning  'x' is not defined                                  no-undef
   835:13   warning  'y' is not defined                                  no-undef
   836:13   warning  'halign' is not defined                             no-undef
   841:13   warning  'keypos' is not defined                             no-undef
   854:13   warning  'keypos' is not defined                             no-undef
   854:23   warning  'keypos' is not defined                             no-undef
   857:21   warning  'keypos' is not defined                             no-undef
   858:17   warning  'valign' is already defined                         no-redeclare
   861:17   warning  'valign' is already defined                         no-redeclare
   870:13   warning  'vpos' is not defined                               no-undef
   873:17   warning  'vpos' is not defined                               no-undef
   873:51   warning  'gutterBottom' is not defined                       no-undef
   873:103  warning  'gutterBottom' is not defined                       no-undef
   877:13   warning  'vpos' is not defined                               no-undef
   877:32   warning  'size' is not defined                               no-undef
   880:17   warning  'vpos' is not defined                               no-undef
   880:37   warning  'gutterBottom' is not defined                       no-undef
   880:52   warning  'size' is not defined                               no-undef
   889:13   warning  'centerx' is not defined                            no-undef
   889:23   warning  'hpos' is not defined                               no-undef
   895:36   warning  'centerx' is not defined                            no-undef
   895:46   warning  'x' is not defined                                  no-undef
   896:36   warning  'vpos' is not defined                               no-undef
   896:46   warning  'y' is not defined                                  no-undef
   905:13   warning  'halign' is not defined                             no-undef
   920:50   warning  Invalid typeof comparison value                     valid-typeof
   951:13   warning  'ret' is assigned a value but never used            no-unused-vars
   953:18   warning  'size' is not defined                               no-undef
   954:15   warning  'centerx' is not defined                            no-undef
   955:15   warning  'vpos' is not defined                               no-undef
   958:20   warning  'halign' is not defined                             no-undef
   959:22   warning  'bgcolor' is not defined                            no-undef
   960:29   warning  'bgcolor' is not defined                            no-undef
   961:20   warning  'bold' is not defined                               no-undef
   962:21   warning  'italic' is not defined                             no-undef
  1127:13   warning  'RGraph' is not defined                             no-undef
  1143:30   warning  'RGraph' is not defined                             no-undef
  1153:21   warning  'RGraph' is not defined                             no-undef
  1159:18   warning  'i' is already defined                              no-redeclare
  1159:22   warning  'len' is already defined                            no-redeclare
  1161:21   warning  'id' is assigned a value but never used             no-unused-vars
  1285:21   warning  'size' is already defined                           no-redeclare
  1286:21   warning  'font' is already defined                           no-redeclare
  1288:21   warning  'bold' is already defined                           no-redeclare
  1294:25   warning  'yaxis_title_pos' is already defined                no-redeclare
  1314:39   warning  'yaxis_title_pos' is assigned to itself             no-self-assign
  1398:26   warning  'i' is already defined                              no-redeclare
  1517:29   warning  'hsize' is already defined                          no-redeclare
  1527:29   warning  'vsize' is already defined                          no-redeclare
  1529:30   warning  'x' is not defined                                  no-undef
  1529:53   warning  'x' is not defined                                  no-undef
  1529:64   warning  'x' is not defined                                  no-undef
  1530:58   warning  'x' is not defined                                  no-undef
  1531:58   warning  'x' is not defined                                  no-undef
  1577:17   warning  'prop' is already defined                           no-redeclare
  1605:13   warning  'ca' is assigned a value but never used             no-unused-vars
  1606:13   warning  'co' is assigned a value but never used             no-unused-vars
  1617:13   warning  'i' is already defined                              no-redeclare
  1645:13   warning  'foundPoint' is defined but never used              no-unused-vars
  1713:14   warning  'i' is not defined                                  no-undef
  1713:18   warning  'len' is not defined                                no-undef
  1713:36   warning  'i' is not defined                                  no-undef
  1713:38   warning  'len' is not defined                                no-undef
  1713:45   warning  'i' is not defined                                  no-undef
  1715:32   warning  'i' is not defined                                  no-undef
  1716:32   warning  'i' is not defined                                  no-undef
  1717:32   warning  'i' is not defined                                  no-undef
  1815:13   warning  'ca' is assigned a value but never used             no-unused-vars
  1822:13   warning  'fgcolor' is assigned a value but never used        no-unused-vars
  1823:13   warning  'bgcolor' is assigned a value but never used        no-unused-vars
  1824:13   warning  'direction' is assigned a value but never used      no-unused-vars
  1853:22   warning  'i' is already defined                              no-redeclare
  1853:26   warning  'len' is already defined                            no-redeclare
  1887:37   warning  'text_x' is already defined                         no-redeclare
  1888:37   warning  'text_y' is already defined                         no-redeclare
  1896:37   warning  'text_x' is already defined                         no-redeclare
  1897:37   warning  'text_y' is already defined                         no-redeclare
  1924:37   warning  'text_x' is already defined                         no-redeclare
  1925:37   warning  'text_y' is already defined                         no-redeclare
  1929:37   warning  'text_x' is already defined                         no-redeclare
  1930:37   warning  'text_y' is already defined                         no-redeclare
  1987:17   warning  'e' is already defined                              no-redeclare
  2094:25   warning  'xaxisYCoord' is already defined                    no-redeclare
  2127:13   warning  'xaxispos' is assigned a value but never used       no-unused-vars
  2129:13   warning  'halfGraphArea' is assigned a value but never used  no-unused-vars
  2142:21   warning  'x' is already defined                              no-redeclare
  2144:21   warning  'x' is already defined                              no-redeclare
  2417:5    warning  'RGraph' is not defined                             no-undef
  2418:5    warning  'RGraph' is not defined                             no-undef
  2497:25   warning  'x' is already defined                              no-redeclare
  2503:25   warning  'y' is already defined                              no-redeclare
  2506:21   warning  'x' is already defined                              no-redeclare
  2507:21   warning  'y' is already defined                              no-redeclare
  2511:17   warning  'x' is already defined                              no-redeclare
  2512:17   warning  'y' is already defined                              no-redeclare
  2607:13   warning  'id' is assigned a value but never used             no-unused-vars
  2617:18   warning  'i' is already defined                              no-redeclare
  2679:13   warning  '$p' is not defined                                 no-undef
  2698:21   warning  'uid' is assigned a value but never used            no-unused-vars
  2721:23   warning  'RGraph' is not defined                             no-undef
  2777:13   warning  'ret' is assigned a value but never used            no-unused-vars
  3071:21   warning  'RGraph' is not defined                             no-undef
  3075:26   warning  'j' is not defined                                  no-undef
  3076:50   warning  'j' is not defined                                  no-undef
  3076:63   warning  'RGraph' is not defined                             no-undef
  3076:77   warning  'j' is not defined                                  no-undef
  3162:17   warning  'httpRequest' is already defined                    no-redeclare
  3162:35   warning  'ActiveXObject' is not defined                      no-undef
  3205:17   warning  'httpRequest' is already defined                    no-redeclare
  3205:35   warning  'ActiveXObject' is not defined                      no-undef
  3223:14   warning  'i' is not defined                                  no-undef
  3225:29   warning  'i' is not defined                                  no-undef
  3225:63   warning  'i' is not defined                                  no-undef
  3375:17   warning  'div' is already defined                            no-redeclare
  3383:13   warning  'size' is already defined                           no-redeclare
  3555:29   warning  'coords' is assigned a value but never used         no-unused-vars
  3647:21   warning  'offsetWidth' is already defined                    no-redeclare
  3648:21   warning  'offsetHeight' is already defined                   no-redeclare
  3649:21   warning  'top' is already defined                            no-redeclare
  3650:21   warning  'left' is already defined                           no-redeclare
  3660:26   warning  'context' is not defined                            no-undef
  3729:29   warning  'ca' is already defined                             no-redeclare
  3734:26   warning  'j' is not defined                                  no-undef
  3736:65   warning  'j' is not defined                                  no-undef
  3749:30   warning  'j' is not defined                                  no-undef
  3750:58   warning  'j' is not defined                                  no-undef
  3750:89   warning  'j' is not defined                                  no-undef
  3751:58   warning  'j' is not defined                                  no-undef
  3751:109  warning  'j' is not defined                                  no-undef
  3809:29   warning  'regexp' is already defined                         no-redeclare
  3853:17   warning  'obj' is already defined                            no-redeclare
  3857:17   warning  'ca' is already defined                             no-redeclare
  3858:17   warning  'co' is already defined                             no-redeclare
  3859:17   warning  'obj' is already defined                            no-redeclare
  3861:17   warning  'ca' is already defined                             no-redeclare
  3862:17   warning  'co' is already defined                             no-redeclare
  3863:17   warning  'obj' is already defined                            no-redeclare
  3864:80   warning  'RGraph' is not defined                             no-undef
  3865:17   warning  'co' is already defined                             no-redeclare
  3866:17   warning  'ca' is already defined                             no-redeclare
  3867:17   warning  'obj' is already defined                            no-redeclare
  3871:17   warning  'co' is already defined                             no-redeclare
  3872:17   warning  'ca' is already defined                             no-redeclare
  3873:17   warning  'obj' is already defined                            no-redeclare
  3902:13   warning  'bold' is assigned a value but never used           no-unused-vars
  3903:13   warning  'italic' is assigned a value but never used         no-unused-vars
  3907:13   warning  'marker' is assigned a value but never used         no-unused-vars
  4042:17   warning  'boundingX' is already defined                      no-redeclare
  4045:17   warning  'boundingX' is already defined                      no-redeclare
  4064:17   warning  'boundingY' is already defined                      no-redeclare
  4075:17   warning  'boundingY' is already defined                      no-redeclare
  4128:22   warning  'i' is already defined                              no-redeclare
  4299:13   warning  'ca' is assigned a value but never used             no-unused-vars
  4337:13   warning  'ca' is assigned a value but never used             no-unused-vars
  4466:56   warning  'color1' is defined but never used                  no-unused-vars
  4466:64   warning  'color2' is defined but never used                  no-unused-vars
  4497:63   warning  'color1' is defined but never used                  no-unused-vars
  4497:71   warning  'color2' is defined but never used                  no-unused-vars
  4669:51   warning  'str' is defined but never used                     no-unused-vars
  4696:51   warning  'str' is defined but never used                     no-unused-vars
  4844:20   warning  'ca.width' is assigned to itself                    no-self-assign
  4888:13   warning  'width' is assigned a value but never used          no-unused-vars
  4889:13   warning  'height' is assigned a value but never used         no-unused-vars
  5093:17   warning  'i' is defined but never used                       no-unused-vars
  5095:18   warning  'key' is not defined                                no-undef
  5098:21   warning  'key' is not defined                                no-undef
  5099:29   warning  'key' is not defined                                no-undef
  5105:39   warning  'key' is not defined                                no-undef
  5108:23   warning  'key' is not defined                                no-undef
  5109:21   warning  'key' is not defined                                no-undef
  5109:27   warning  'key' is not defined                                no-undef
  5118:41   warning  'key' is not defined                                no-undef
  5118:60   warning  'key' is not defined                                no-undef
  5120:28   warning  'key' is not defined                                no-undef
  5124:43   warning  'key' is not defined                                no-undef
  5142:14   warning  'key' is not defined                                no-undef
  5144:25   warning  'key' is not defined                                no-undef
  5144:39   warning  'key' is not defined                                no-undef
  5241:57   warning  'quote' is assigned a value but never used          no-unused-vars
  5311:27   warning  'v' is defined but never used                       no-unused-vars
  5313:9    warning  'RGraph' is not defined                             no-undef

/home/runner/work/exp-fitts-law-iitg/exp-fitts-law-iitg/experiment/simulation/RGraph.line.js
    13:5    warning  'RGraph' is not defined                                no-undef
    21:5    warning  'RGraph' is not defined                                no-undef
    37:17   warning  'id' is already defined                                no-redeclare
    38:17   warning  'canvas' is already defined                            no-redeclare
    39:17   warning  'data' is already defined                              no-redeclare
    59:35   warning  'RGraph' is not defined                                no-undef
    60:71   warning  'RGraph' is not defined                                no-undef
   257:13   warning  Duplicate key 'chart.numyticks'                        no-dupe-keys
   306:41   warning  Invalid typeof comparison value                        valid-typeof
   319:53   warning  'RGraph' is not defined                                no-undef
   321:41   warning  'RGraph' is not defined                                no-undef
   326:26   warning  'i' is already defined                                 no-redeclare
   327:45   warning  'RGraph' is not defined                                no-undef
   333:22   warning  'i' is already defined                                 no-redeclare
   343:30   warning  'i' is already defined                                 no-redeclare
   344:34   warning  'RGraph' is not defined                                no-undef
   348:49   warning  'RGraph' is not defined                                no-undef
   352:49   warning  'RGraph' is not defined                                no-undef
   365:18   warning  'i' is already defined                                 no-redeclare
   366:22   warning  'j' is already defined                                 no-redeclare
   377:25   warning  'RGraph' is not defined                                no-undef
   379:18   warning  'i' is already defined                                 no-redeclare
   398:20   warning  'RGraph' is not defined                                no-undef
   403:13   warning  'win' is assigned a value but never used               no-unused-vars
   492:28   warning  'RGraph' is not defined                                no-undef
   493:30   warning  'i' is already defined                                 no-redeclare
   710:26   warning  'dataset' is not defined                               no-undef
   710:37   warning  'dataset' is not defined                               no-undef
   710:65   warning  'dataset' is not defined                               no-undef
   711:29   warning  'RGraph' is not defined                                no-undef
   711:54   warning  'dataset' is not defined                               no-undef
   712:71   warning  'dataset' is not defined                               no-undef
   714:69   warning  'dataset' is not defined                               no-undef
   725:22   warning  'dataset' is not defined                               no-undef
   725:33   warning  'dataset' is not defined                               no-undef
   725:61   warning  'dataset' is not defined                               no-undef
   726:30   warning  'datapoint' is already defined                         no-redeclare
   726:63   warning  'dataset' is not defined                               no-undef
   728:65   warning  'dataset' is not defined                               no-undef
   728:117  warning  'dataset' is not defined                               no-undef
   732:65   warning  'dataset' is not defined                               no-undef
   833:32   warning  'fill' is already defined                              no-redeclare
   836:33   warning  'fill' is already defined                              no-redeclare
   840:29   warning  'fill' is already defined                              no-redeclare
   843:29   warning  'fill' is already defined                              no-redeclare
   852:29   warning  'tickmarks' is already defined                         no-redeclare
   854:29   warning  'tickmarks' is already defined                         no-redeclare
   856:29   warning  'tickmarks' is already defined                         no-redeclare
   912:26   warning  'i' is already defined                                 no-redeclare
   918:30   warning  'j' is already defined                                 no-redeclare
   918:34   warning  'len' is already defined                               no-redeclare
   941:30   warning  'i' is already defined                                 no-redeclare
   941:34   warning  'len' is already defined                               no-redeclare
   946:34   warning  'j' is already defined                                 no-redeclare
   949:37   warning  'tickmarks' is already defined                         no-redeclare
   975:26   warning  'i' is already defined                                 no-redeclare
   980:30   warning  'j' is already defined                                 no-redeclare
   980:34   warning  'len' is already defined                               no-redeclare
   982:29   warning  'point' is already defined                             no-redeclare
   996:26   warning  'i' is already defined                                 no-redeclare
   996:30   warning  'len' is already defined                               no-redeclare
   997:30   warning  'j' is already defined                                 no-redeclare
  1000:33   warning  'tickmarks' is already defined                         no-redeclare
  1000:92   warning  'RGraph' is not defined                                no-undef
  1074:21   warning  'len' is already defined                               no-redeclare
  1078:26   warning  'i' is already defined                                 no-redeclare
  1098:26   warning  'i' is already defined                                 no-redeclare
  1189:13   warning  'coords' is not defined                                no-undef
  1200:21   warning  'coords' is not defined                                no-undef
  1207:21   warning  'coords' is not defined                                no-undef
  1223:21   warning  'coords' is not defined                                no-undef
  1231:27   warning  'coords' is not defined                                no-undef
  1231:44   warning  'coords' is not defined                                no-undef
  1232:27   warning  'coords' is not defined                                no-undef
  1232:44   warning  'coords' is not defined                                no-undef
  1236:35   warning  'coords' is not defined                                no-undef
  1266:22   warning  'x' is not defined                                     no-undef
  1266:98   warning  'x' is not defined                                     no-undef
  1266:137  warning  'x' is not defined                                     no-undef
  1268:62   warning  'x' is not defined                                     no-undef
  1274:65   warning  'x' is not defined                                     no-undef
  1276:73   warning  'x' is not defined                                     no-undef
  1282:118  warning  'x' is not defined                                     no-undef
  1287:29   warning  'yStart' is already defined                            no-redeclare
  1288:29   warning  'yEnd' is already defined                              no-redeclare
  1296:29   warning  'yStart' is already defined                            no-redeclare
  1297:29   warning  'yEnd' is already defined                              no-redeclare
  1301:29   warning  'yStart' is already defined                            no-redeclare
  1302:29   warning  'yEnd' is already defined                              no-redeclare
  1302:59   warning  'x' is not defined                                     no-undef
  1315:40   warning  'x' is not defined                                     no-undef
  1316:40   warning  'x' is not defined                                     no-undef
  1369:25   warning  'interval' is already defined                          no-redeclare
  1370:25   warning  'lineto' is already defined                            no-redeclare
  1388:25   warning  'lineto' is already defined                            no-redeclare
  1402:29   warning  'counter' is already defined                           no-redeclare
  1461:17   warning  'context' is assigned a value but never used           no-unused-vars
  1462:17   warning  'canvas' is assigned a value but never used            no-unused-vars
  1525:30   warning  'i' is already defined                                 no-redeclare
  1563:25   warning  'half' is already defined                              no-redeclare
  1567:34   warning  'i' is already defined                                 no-redeclare
  1583:34   warning  'i' is already defined                                 no-redeclare
  1641:34   warning  'i' is already defined                                 no-redeclare
  1657:34   warning  'i' is already defined                                 no-redeclare
  1657:38   warning  'len' is already defined                               no-redeclare
  1723:21   warning  'gap' is assigned a value but never used               no-unused-vars
  1725:21   warning  'bounding' is already defined                          no-redeclare
  1726:21   warning  'bgcolor' is already defined                           no-redeclare
  1727:21   warning  'ymin' is already defined                              no-redeclare
  1741:25   warning  'x' is already defined                                 no-redeclare
  1751:21   warning  'offsetx' is already defined                           no-redeclare
  1752:21   warning  'offsety' is already defined                           no-redeclare
  1760:30   warning  'i' is already defined                                 no-redeclare
  1765:33   warning  'y' is already defined                                 no-redeclare
  1787:30   warning  'i' is already defined                                 no-redeclare
  1789:29   warning  'y' is already defined                                 no-redeclare
  1808:25   warning  'reversed_labels' is already defined                   no-redeclare
  1811:30   warning  'i' is already defined                                 no-redeclare
  1813:29   warning  'y' is already defined                                 no-redeclare
  1831:30   warning  'i' is already defined                                 no-redeclare
  1832:29   warning  'y' is already defined                                 no-redeclare
  1854:21   warning  'bgcolor' is already defined                           no-redeclare
  1863:21   warning  'halign' is already defined                            no-redeclare
  1890:21   warning  'offsetx' is already defined                           no-redeclare
  1891:21   warning  'offsety' is already defined                           no-redeclare
  1987:21   warning  'yPos' is already defined                              no-redeclare
  2057:21   warning  'xAxisPos' is already defined                          no-redeclare
  2059:21   warning  'xAxisPos' is already defined                          no-redeclare
  2066:22   warning  'i' is already defined                                 no-redeclare
  2070:21   warning  'set' is assigned a value but never used               no-unused-vars
  2159:21   warning  'fillStyle' is assigned a value but never used         no-unused-vars
  2241:56   warning  Invalid typeof comparison value                        valid-typeof
  2261:26   warning  'i' is already defined                                 no-redeclare
  2291:29   warning  'prevY' is already defined                             no-redeclare
  2447:34   warning  'co.strokeStyle' is assigned to itself                 no-self-assign
  2476:25   warning  'a' is already defined                                 no-redeclare
  2494:21   warning  'x' is already defined                                 no-redeclare
  2495:21   warning  'y' is already defined                                 no-redeclare
  2500:25   warning  'a' is already defined                                 no-redeclare
  2502:25   warning  'a' is already defined                                 no-redeclare
  2610:25   warning  'threshold_colors' is assigned a value but never used  no-unused-vars
  2647:38   warning  'i' is already defined                                 no-redeclare
  2729:21   warning  'xPos' is assigned a value but never used              no-unused-vars
  2775:26   warning  'i' is already defined                                 no-redeclare
  2777:25   warning  'prevX' is already defined                             no-redeclare
  2778:25   warning  'prevY' is already defined                             no-redeclare
  2896:17   warning  Unreachable code                                       no-unreachable
  2914:24   warning  'RGraph' is not defined                                no-undef
  2915:17   warning  'ca' is assigned a value but never used                no-unused-vars
  2916:17   warning  'co' is assigned a value but never used                no-unused-vars
  2916:24   warning  'context' is not defined                               no-undef
  2959:33   warning  'tooltip' is already defined                           no-redeclare
  3044:34   warning  'i' is already defined                                 no-redeclare
  3074:21   warning  'mouseX' is already defined                            no-redeclare
  3074:21   warning  'mouseX' is assigned a value but never used            no-unused-vars
  3075:21   warning  'mouseY' is already defined                            no-redeclare
  3093:21   warning  'value' is already defined                             no-redeclare
  3097:21   warning  'value' is already defined                             no-redeclare
  3365:22   warning  'i' is already defined                                 no-redeclare
  3420:71   warning  'RGraph' is not defined                                no-undef
  3421:71   warning  'RGraph' is not defined                                no-undef
  3422:71   warning  'RGraph' is not defined                                no-undef
  3455:30   warning  'i' is already defined                                 no-redeclare
  3465:26   warning  'i' is already defined                                 no-redeclare
  3488:22   warning  'i' is already defined                                 no-redeclare
  3529:25   warning  'grad' is already defined                              no-redeclare
  3616:60   warning  Invalid typeof comparison value                        valid-typeof
  3681:26   warning  'x' is assigned a value but never used                 no-unused-vars
  3683:21   warning  'length' is assigned a value but never used            no-unused-vars
  3721:33   warning  'positiveLength' is already defined                    no-redeclare
  3722:33   warning  'negativeLength' is already defined                    no-redeclare
  3762:29   warning  'positiveLength' is already defined                    no-redeclare
  3763:29   warning  'negativeLength' is already defined                    no-redeclare
  3806:33   warning  'negativeLength' is already defined                    no-redeclare
  3853:26   warning  'i' is already defined                                 no-redeclare
  3887:26   warning  'i' is already defined                                 no-redeclare
  3972:17   warning  'callback' is already defined                          no-redeclare
  4071:17   warning  'frame' is assigned a value but never used             no-unused-vars
  4080:17   warning  'max' is assigned a value but never used               no-unused-vars
  4132:17   warning  'frame' is assigned a value but never used             no-unused-vars
  4246:18   warning  'i' is already defined                                 no-redeclare

✖ 408 problems (0 errors, 408 warnings)

